{
    "user_name": "test1",
    "passward": "test"
}