{
    "message": "key: 'Password' Error:Field validation for 'Password' failed on the 'required' tag"
}