{
    "user_name": "test2",
    "password": "test"
}