{
    "message": "Key: 'Title' Error:Field validation for failed on the 'required tag'"
}