[
    {
        "ID": 1,
        "Title": "test1",
        "Status": "todo" 
    },
    {
        "ID": 2,
        "Title": "test2",
        "Status": "done"
    }
]